// Jest Snapshot v1, https://goo.gl/fbAQLP

exports[`<Alert /> renders properly 1`] = `ShallowWrapper {}`;
