// Jest Snapshot v1, https://goo.gl/fbAQLP

exports[`<Book /> <Book /> main test with thumbnail renders properly 1`] = `ShallowWrapper {}`;

exports[`<Book /> <Book /> without thumbnail renders properly 1`] = `ShallowWrapper {}`;
